[2J[H  [38;2;231;138;78m[1m╭─╮ ╭┬╮ ╷ ╭╮╷ ╷╭  ╷ ╷
  ╰─╮  │  │ │││ ├┴╮ ╰┬╯
  ╰─╯  ╵  ╵ ╵╰╯ ╵ ╵  ╵[0m
[38;2;146;131;116m  mist[0m

[38;2;146;131;116m  stinky, decompressed [38;2;169;182;101mv0.07[38;2;146;131;116m (slinky-be03bbec)[0m

  [38;2;80;73;69m╭─ license ──────────────────────────────────────────────────╮
  │[0m[38;2;212;190;152m  Enter the license assigned to this installation.          [0m[38;2;80;73;69m│
  │[0m                                                            [38;2;80;73;69m│
  │[0m[38;2;231;138;78m[1m  LICENSE  [0m[38;2;212;190;152m> STK1-**************************                [38;2;80;73;69m│
  │[0m                                                            [38;2;80;73;69m│
  │[0m[38;2;231;138;78m[1m  ENTER[0m[38;2;212;190;152m  continue[38;2;146;131;116m                  [38;2;231;138;78m[1mF[0m[38;2;212;190;152m  forget license        [38;2;80;73;69m│
  ╰────────────────────────────────────────────────────────────╯[0m
[38;2;146;131;116m  Checking license…[0m
[?1049h[?25l[2J[H   [38;2;212;190;152m       .-~~~~-.           [0m                               [1;38;2;231;138;78m╭─╮ ╭┬╮ ╷ ╭╮╷ ╷╭  ╷ ╷[0m[0m[K
   [38;2;212;190;152m      / __     \          [0m                               [1;38;2;231;138;78m╰─╮  │  │ │││ ├┴╮ ╰┬╯[0m[0m[K
   [38;2;212;190;152m     | /  \  /  `~~~~~-.  [0m     [38;2;255;240;160m[48;2;255;240;160m▀[0m[38;2;255;230;128m[49m▀[0m                        [1;38;2;231;138;78m╰─╯  ╵  ╵ ╵╰╯ ╵ ╵  ╵[0m[0m[K
   [38;2;212;190;152m     ||    |  O         @ [0m     [38;2;255;240;160m[48;2;255;240;160m▀[0m[38;2;255;240;160m[49m▀[0m                      [0m[K
   [38;2;212;190;152m     ||    |  _         | [0m     [38;2;255;240;160m[48;2;255;240;160m▀[0m[38;2;255;230;128m[49m▀[0m                        [1;38;2;124;111;100mpatcher   [0m[38;2;80;73;69m│[0m [1;38;2;169;182;101mv0.07[0m[0m[K
   [38;2;212;190;152m     \|    |   \       /  [0m     [38;2;255;240;160m[48;2;255;240;160m▀[0m[38;2;0;0;0m[48;2;255;240;160m▀[0m                        [1;38;2;124;111;100mslinky    [0m[38;2;80;73;69m│[0m [38;2;212;190;152mbe03bbec[0m[0m[K
   [38;2;212;190;152m      \    /  /`~~~~~~`   [0m     [38;2;255;240;160m[48;2;255;240;160m▀[0m[38;2;0;0;0m[48;2;255;240;160m▀[0m                      [0m[K
   [38;2;212;190;152m      (`--`"")             [0m                              [1;38;2;124;111;100mlicense   [0m[38;2;80;73;69m│[0m [1;38;2;169;182;101mchecking[0m[0m[K
   [38;2;212;190;152m      /``.``\             [0m                             [1;38;2;231;138;78m⠙[0m [1;38;2;212;190;152mboot      [0m[38;2;80;73;69m│[0m [38;2;146;131;116mchecking license[0m[0m[K
   [38;2;212;190;152m[0m                                                       [0m[K
   [38;2;212;190;152m[0m                                                       [0m[K
  [38;2;80;73;69m╭─[0m[38;2;146;131;116m events [0m[38;2;80;73;69m─────────────────────────────────────────────────────────────────────────────────────────────────╮[0m[K
  [38;2;80;73;69m│[0m [38;2;146;131;116m15:56:03[0m  [38;2;124;111;100mkey    [0m  [38;2;146;131;116mlicense format accepted[0m                                                               [38;2;80;73;69m│[0m[K
  [38;2;80;73;69m│[0m                                                                                                          [38;2;80;73;69m│[0m[K
  [38;2;80;73;69m│[0m                                                                                                          [38;2;80;73;69m│[0m[K
  [38;2;80;73;69m│[0m                                                                                                          [38;2;80;73;69m│[0m[K
  [38;2;80;73;69m│[0m                                                                                                          [38;2;80;73;69m│[0m[K
  [38;2;80;73;69m│[0m                                                                                                          [38;2;80;73;69m│[0m[K
  [38;2;80;73;69m│[0m                                                                                                          [38;2;80;73;69m│[0m[K
  [38;2;80;73;69m│[0m                                                                                                          [38;2;80;73;69m│[0m[K
  [38;2;80;73;69m│[0m                                                                                                          [38;2;80;73;69m│[0m[K
  [38;2;80;73;69m│[0m                                                                                                          [38;2;80;73;69m│[0m[K
  [38;2;80;73;69m│[0m                                                                                                          [38;2;80;73;69m│[0m[K
  [38;2;80;73;69m│[0m                                                                                                          [38;2;80;73;69m│[0m[K
  [38;2;80;73;69m╰──────────────────────────────────────────────────────────────────────────────────────────────────────────╯[0m[K
[K
[0m[K[J[H   [38;2;212;190;152m       .-~~~~-.           [0m                               [1;38;2;231;138;78m╭─╮ ╭┬╮ ╷ ╭╮╷ ╷╭  ╷ ╷[0m[0m[K
   [38;2;212;190;152m      / __     \          [0m                               [1;38;2;231;138;78m╰─╮  │  │ │││ ├┴╮ ╰┬╯[0m[0m[K
   [38;2;212;190;152m     | /  \  /  `~~~~~-.  [0m     [38;2;255;240;160m[48;2;255;240;160m▀[0m[38;2;255;230;128m[49m▀[0m[38;2;250;218;90m[49m▀[0m                       [1;38;2;231;138;78m╰─╯  ╵  ╵ ╵╰╯ ╵ ╵  ╵[0m[0m[K
   [38;2;212;190;152m     ||    |  O         @ [0m     [38;2;255;240;160m[48;2;255;240;160m▀[0m[38;2;255;240;160m[49m▀[0m[38;2;0;0;0m[48;2;252;227;112m▀[0m                     [0m[K
   [38;2;212;190;152m     ||    |  _         | [0m     [38;2;255;240;160m[48;2;255;240;160m▀[0m[38;2;255;230;128m[49m▀[0m                        [1;38;2;124;111;100mpatcher   [0m[38;2;80;73;69m│[0m [1;38;2;169;182;101mv0.07[0m[0m[K
   [38;2;212;190;152m     \|    |   \       /  [0m     [38;2;255;240;160m[48;2;255;240;160m▀[0m[38;2;0;0;0m[48;2;255;230;128m▀[0m[38;2;252;227;112m[49m▀[0m                       [1;38;2;124;111;100mslinky    [0m[38;2;80;73;69m│[0m [38;2;212;190;152mbe03bbec[0m[0m[K
   [38;2;212;190;152m      \    /  /`~~~~~~`   [0m     [38;2;255;240;160m[48;2;255;240;160m▀[0m[38;2;255;240;160m[49m▀[0m[38;2;252;227;112m[49m▀[0m                     [0m[K
   [38;2;212;190;152m      (`--`"")             [0m                              [1;38;2;124;111;100mlicense   [0m[38;2;80;73;69m│[0m [1;38;2;169;182;101mchecking[0m[0m[K
   [38;2;212;190;152m      /``.``\             [0m                             [1;38;2;231;138;78m⠹[0m [1;38;2;212;190;152mboot      [0m[38;2;80;73;69m│[0m [38;2;146;131;116mchecking license[0m[0m[K
   [38;2;212;190;152m[0m                                                       [0m[K
   [38;2;212;190;152m[0m                                                       [0m[K
  [38;2;80;73;69m╭─[0m[38;2;146;131;116m events [0m[38;2;80;73;69m─────────────────────────────────────────────────────────────────────────────────────────────────╮[0m[K
  [38;2;80;73;69m│[0m [38;2;146;131;116m15:56:03[0m  [38;2;124;111;100mkey    [0m  [38;2;146;131;116mlicense format accepted[0m                                                               [38;2;80;73;69m│[0m[K
  [38;2;80;73;69m│[0m                                                                                                          [38;2;80;73;69m│[0m[K
  [38;2;80;73;69m│[0m                                                                                                          [38;2;80;73;69m│[0m[K
  [38;2;80;73;69m│[0m                                                                                                          [38;2;80;73;69m│[0m[K
  [38;2;80;73;69m│[0m                                                                                                          [38;2;80;73;69m│[0m[K
  [38;2;80;73;69m│[0m                                                                                                          [38;2;80;73;69m│[0m[K
  [38;2;80;73;69m│[0m                                                                                                          [38;2;80;73;69m│[0m[K
  [38;2;80;73;69m│[0m                                                                                                          [38;2;80;73;69m│[0m[K
  [38;2;80;73;69m│[0m                                                                                                          [38;2;80;73;69m│[0m[K
  [38;2;80;73;69m│[0m                                                                                                          [38;2;80;73;69m│[0m[K
  [38;2;80;73;69m│[0m                                                                                                          [38;2;80;73;69m│[0m[K
  [38;2;80;73;69m│[0m                                                                                                          [38;2;80;73;69m│[0m[K
  [38;2;80;73;69m╰──────────────────────────────────────────────────────────────────────────────────────────────────────────╯[0m[K
[K
[0m[K[J[H   [38;2;212;190;152m       .-~~~~-.           [0m                               [1;38;2;231;138;78m╭─╮ ╭┬╮ ╷ ╭╮╷ ╷╭  ╷ ╷[0m[0m[K
   [38;2;212;190;152m      / __     \          [0m                               [1;38;2;231;138;78m╰─╮  │  │ │││ ├┴╮ ╰┬╯[0m[0m[K
   [38;2;212;190;152m     | /  \  /  `~~~~~-.  [0m     [38;2;255;240;160m[48;2;255;240;160m▀[0m[38;2;255;240;160m[49m▀[0m[38;2;0;0;0m[48;2;255;240;160m▀[0m                       [1;38;2;231;138;78m╰─╯  ╵  ╵ ╵╰╯ ╵ ╵  ╵[0m[0m[K
   [38;2;212;190;152m     ||    |  O         @ [0m     [38;2;255;240;160m[48;2;255;240;160m▀[0m [38;2;0;0;0m[48;2;252;227;112m▀[0m[38;2;245;181;42m[49m▀[0m                    [0m[K
   [38;2;212;190;152m     ||    |  _         | [0m     [38;2;255;240;160m[48;2;255;240;160m▀[0m[38;2;0;0;0m[48;2;255;230;128m▀[0m                        [1;38;2;124;111;100mpatcher   [0m[38;2;80;73;69m│[0m [1;38;2;169;182;101mv0.07[0m[0m[K
   [38;2;212;190;152m     \|    |   \       /  [0m     [38;2;255;240;160m[48;2;255;240;160m▀[0m[38;2;255;240;160m[48;2;255;230;128m▀[0m[38;2;250;218;90m[48;2;255;240;160m▀[0m[38;2;245;181;42m[49m▀[0m                      [1;38;2;124;111;100mslinky    [0m[38;2;80;73;69m│[0m [38;2;212;190;152mbe03bbec[0m[0m[K
   [38;2;212;190;152m      \    /  /`~~~~~~`   [0m     [38;2;255;240;160m[48;2;255;240;160m▀[0m[38;2;255;230;128m[48;2;255;240;160m▀[0m                      [0m[K
   [38;2;212;190;152m      (`--`"")             [0m                              [1;38;2;124;111;100mlicense   [0m[38;2;80;73;69m│[0m [1;38;2;169;182;101mchecking[0m[0m[K
   [38;2;212;190;152m      /``.``\             [0m                             [1;38;2;231;138;78m⠸[0m [1;38;2;212;190;152mboot      [0m[38;2;80;73;69m│[0m [38;2;146;131;116mchecking license[0m[0m[K
   [38;2;212;190;152m[0m                                                       [0m[K
   [38;2;212;190;152m[0m                                                       [0m[K
  [38;2;80;73;69m╭─[0m[38;2;146;131;116m events [0m[38;2;80;73;69m─────────────────────────────────────────────────────────────────────────────────────────────────╮[0m[K
  [38;2;80;73;69m│[0m [38;2;146;131;116m15:56:03[0m  [38;2;124;111;100mkey    [0m  [38;2;146;131;116mlicense format accepted[0m                                                               [38;2;80;73;69m│[0m[K
  [38;2;80;73;69m│[0m                                                                                                          [38;2;80;73;69m│[0m[K
  [38;2;80;73;69m│[0m                                                                                                          [38;2;80;73;69m│[0m[K
  [38;2;80;73;69m│[0m                                                                                                          [38;2;80;73;69m│[0m[K
  [38;2;80;73;69m│[0m                                                                                                          [38;2;80;73;69m│[0m[K
  [38;2;80;73;69m│[0m                                                                                                          [38;2;80;73;69m│[0m[K
  [38;2;80;73;69m│[0m                                                                                                          [38;2;80;73;69m│[0m[K
  [38;2;80;73;69m│[0m                                                                                                          [38;2;80;73;69m│[0m[K
  [38;2;80;73;69m│[0m                                                                                                          [38;2;80;73;69m│[0m[K
  [38;2;80;73;69m│[0m                                                                                                          [38;2;80;73;69m│[0m[K
  [38;2;80;73;69m│[0m                                                                                                          [38;2;80;73;69m│[0m[K
  [38;2;80;73;69m│[0m                                                                                                          [38;2;80;73;69m│[0m[K
  [38;2;80;73;69m╰──────────────────────────────────────────────────────────────────────────────────────────────────────────╯[0m[K
[K
[0m[K[J